=== 所有测试通过 ===
